{
  "Resources": {
    "myhandlerinlineServiceRole10C681F6": {
      "Type": "AWS::IAM::Role",
      "Properties": {
        "AssumeRolePolicyDocument": {
          "Statement": [
            {
              "Action": "sts:AssumeRole",
              "Effect": "Allow",
              "Principal": {
                "Service": "lambda.amazonaws.com"
              }
            }
          ],
          "Version": "2012-10-17"
        },
        "ManagedPolicyArns": [
          {
            "Fn::Join": [
              "",
              [
                "arn:",
                {
                  "Ref": "AWS::Partition"
                },
                ":iam::aws:policy/service-role/AWSLambdaBasicExecutionRole"
              ]
            ]
          }
        ]
      }
    },
    "myhandlerinline53D120C7": {
      "Type": "AWS::Lambda::Function",
      "Properties": {
        "Code": {
          "S3Bucket": {
            "Ref": "AssetParametersbabbf4811dfcb61b11038971e4ab695113716418c2245579fa849cde42838353S3Bucket72B78EEB"
          },
          "S3Key": {
            "Fn::Join": [
              "",
              [
                {
                  "Fn::Select": [
                    0,
                    {
                      "Fn::Split": [
                        "||",
                        {
                          "Ref": "AssetParametersbabbf4811dfcb61b11038971e4ab695113716418c2245579fa849cde42838353S3VersionKey4FE5B2F8"
                        }
                      ]
                    }
                  ]
                },
                {
                  "Fn::Select": [
                    1,
                    {
                      "Fn::Split": [
                        "||",
                        {
                          "Ref": "AssetParametersbabbf4811dfcb61b11038971e4ab695113716418c2245579fa849cde42838353S3VersionKey4FE5B2F8"
                        }
                      ]
                    }
                  ]
                }
              ]
            ]
          }
        },
        "Role": {
          "Fn::GetAtt": [
            "myhandlerinlineServiceRole10C681F6",
            "Arn"
          ]
        },
        "Handler": "index.handler",
        "Runtime": "python3.6"
      },
      "DependsOn": [
        "myhandlerinlineServiceRole10C681F6"
      ]
    },
    "myhandlerpython27ServiceRole2ED49C06": {
      "Type": "AWS::IAM::Role",
      "Properties": {
        "AssumeRolePolicyDocument": {
          "Statement": [
            {
              "Action": "sts:AssumeRole",
              "Effect": "Allow",
              "Principal": {
                "Service": "lambda.amazonaws.com"
              }
            }
          ],
          "Version": "2012-10-17"
        },
        "ManagedPolicyArns": [
          {
            "Fn::Join": [
              "",
              [
                "arn:",
                {
                  "Ref": "AWS::Partition"
                },
                ":iam::aws:policy/service-role/AWSLambdaBasicExecutionRole"
              ]
            ]
          }
        ]
      }
    },
    "myhandlerpython274D7465EA": {
      "Type": "AWS::Lambda::Function",
      "Properties": {
        "Code": {
          "S3Bucket": {
            "Ref": "AssetParametersffb64c947d09896872cc7f58207fc52502920d1c53498c6d77c860cffef385b7S3BucketDF1547AD"
          },
          "S3Key": {
            "Fn::Join": [
              "",
              [
                {
                  "Fn::Select": [
                    0,
                    {
                      "Fn::Split": [
                        "||",
                        {
                          "Ref": "AssetParametersffb64c947d09896872cc7f58207fc52502920d1c53498c6d77c860cffef385b7S3VersionKey96F16C56"
                        }
                      ]
                    }
                  ]
                },
                {
                  "Fn::Select": [
                    1,
                    {
                      "Fn::Split": [
                        "||",
                        {
                          "Ref": "AssetParametersffb64c947d09896872cc7f58207fc52502920d1c53498c6d77c860cffef385b7S3VersionKey96F16C56"
                        }
                      ]
                    }
                  ]
                }
              ]
            ]
          }
        },
        "Role": {
          "Fn::GetAtt": [
            "myhandlerpython27ServiceRole2ED49C06",
            "Arn"
          ]
        },
        "Handler": "index.handler",
        "Runtime": "python2.7"
      },
      "DependsOn": [
        "myhandlerpython27ServiceRole2ED49C06"
      ]
    },
    "myhandlerpython38ServiceRole2049AFF7": {
      "Type": "AWS::IAM::Role",
      "Properties": {
        "AssumeRolePolicyDocument": {
          "Statement": [
            {
              "Action": "sts:AssumeRole",
              "Effect": "Allow",
              "Principal": {
                "Service": "lambda.amazonaws.com"
              }
            }
          ],
          "Version": "2012-10-17"
        },
        "ManagedPolicyArns": [
          {
            "Fn::Join": [
              "",
              [
                "arn:",
                {
                  "Ref": "AWS::Partition"
                },
                ":iam::aws:policy/service-role/AWSLambdaBasicExecutionRole"
              ]
            ]
          }
        ]
      }
    },
    "myhandlerpython384D62BBB5": {
      "Type": "AWS::Lambda::Function",
      "Properties": {
        "Code": {
          "S3Bucket": {
            "Ref": "AssetParameters00fd124f9100ffc2baf4c2536b6eb5ad9a49deb2af7ffb0a541a407e1c9c6ca6S3Bucket66B5BEAD"
          },
          "S3Key": {
            "Fn::Join": [
              "",
              [
                {
                  "Fn::Select": [
                    0,
                    {
                      "Fn::Split": [
                        "||",
                        {
                          "Ref": "AssetParameters00fd124f9100ffc2baf4c2536b6eb5ad9a49deb2af7ffb0a541a407e1c9c6ca6S3VersionKey7CB19CC8"
                        }
                      ]
                    }
                  ]
                },
                {
                  "Fn::Select": [
                    1,
                    {
                      "Fn::Split": [
                        "||",
                        {
                          "Ref": "AssetParameters00fd124f9100ffc2baf4c2536b6eb5ad9a49deb2af7ffb0a541a407e1c9c6ca6S3VersionKey7CB19CC8"
                        }
                      ]
                    }
                  ]
                }
              ]
            ]
          }
        },
        "Role": {
          "Fn::GetAtt": [
            "myhandlerpython38ServiceRole2049AFF7",
            "Arn"
          ]
        },
        "Handler": "index.handler",
        "Runtime": "python3.8"
      },
      "DependsOn": [
        "myhandlerpython38ServiceRole2049AFF7"
      ]
    }
  },
  "Parameters": {
    "AssetParametersbabbf4811dfcb61b11038971e4ab695113716418c2245579fa849cde42838353S3Bucket72B78EEB": {
      "Type": "String",
      "Description": "S3 bucket for asset \"babbf4811dfcb61b11038971e4ab695113716418c2245579fa849cde42838353\""
    },
    "AssetParametersbabbf4811dfcb61b11038971e4ab695113716418c2245579fa849cde42838353S3VersionKey4FE5B2F8": {
      "Type": "String",
      "Description": "S3 key for asset version \"babbf4811dfcb61b11038971e4ab695113716418c2245579fa849cde42838353\""
    },
    "AssetParametersbabbf4811dfcb61b11038971e4ab695113716418c2245579fa849cde42838353ArtifactHash56469291": {
      "Type": "String",
      "Description": "Artifact hash for asset \"babbf4811dfcb61b11038971e4ab695113716418c2245579fa849cde42838353\""
    },
    "AssetParametersffb64c947d09896872cc7f58207fc52502920d1c53498c6d77c860cffef385b7S3BucketDF1547AD": {
      "Type": "String",
      "Description": "S3 bucket for asset \"ffb64c947d09896872cc7f58207fc52502920d1c53498c6d77c860cffef385b7\""
    },
    "AssetParametersffb64c947d09896872cc7f58207fc52502920d1c53498c6d77c860cffef385b7S3VersionKey96F16C56": {
      "Type": "String",
      "Description": "S3 key for asset version \"ffb64c947d09896872cc7f58207fc52502920d1c53498c6d77c860cffef385b7\""
    },
    "AssetParametersffb64c947d09896872cc7f58207fc52502920d1c53498c6d77c860cffef385b7ArtifactHash1F4A6B3A": {
      "Type": "String",
      "Description": "Artifact hash for asset \"ffb64c947d09896872cc7f58207fc52502920d1c53498c6d77c860cffef385b7\""
    },
    "AssetParameters00fd124f9100ffc2baf4c2536b6eb5ad9a49deb2af7ffb0a541a407e1c9c6ca6S3Bucket66B5BEAD": {
      "Type": "String",
      "Description": "S3 bucket for asset \"00fd124f9100ffc2baf4c2536b6eb5ad9a49deb2af7ffb0a541a407e1c9c6ca6\""
    },
    "AssetParameters00fd124f9100ffc2baf4c2536b6eb5ad9a49deb2af7ffb0a541a407e1c9c6ca6S3VersionKey7CB19CC8": {
      "Type": "String",
      "Description": "S3 key for asset version \"00fd124f9100ffc2baf4c2536b6eb5ad9a49deb2af7ffb0a541a407e1c9c6ca6\""
    },
    "AssetParameters00fd124f9100ffc2baf4c2536b6eb5ad9a49deb2af7ffb0a541a407e1c9c6ca6ArtifactHash14DE91D0": {
      "Type": "String",
      "Description": "Artifact hash for asset \"00fd124f9100ffc2baf4c2536b6eb5ad9a49deb2af7ffb0a541a407e1c9c6ca6\""
    }
  },
  "Outputs": {
    "InlineFunctionName": {
      "Value": {
        "Ref": "myhandlerinline53D120C7"
      }
    },
    "Python27FunctionName": {
      "Value": {
        "Ref": "myhandlerpython274D7465EA"
      }
    },
    "Python38FunctionName": {
      "Value": {
        "Ref": "myhandlerpython384D62BBB5"
      }
    }
  }
}