{
  "Resources": {
    "SharedDACC02AA": {
      "Type": "AWS::Lambda::LayerVersion",
      "Properties": {
        "Content": {
          "S3Bucket": {
            "Ref": "AssetParameters31f7770c281676a681559e0f1aa7c4d802c5364c952411662223897058919b01S3Bucket9B5E3761"
          },
          "S3Key": {
            "Fn::Join": [
              "",
              [
                {
                  "Fn::Select": [
                    0,
                    {
                      "Fn::Split": [
                        "||",
                        {
                          "Ref": "AssetParameters31f7770c281676a681559e0f1aa7c4d802c5364c952411662223897058919b01S3VersionKeyD35557C8"
                        }
                      ]
                    }
                  ]
                },
                {
                  "Fn::Select": [
                    1,
                    {
                      "Fn::Split": [
                        "||",
                        {
                          "Ref": "AssetParameters31f7770c281676a681559e0f1aa7c4d802c5364c952411662223897058919b01S3VersionKeyD35557C8"
                        }
                      ]
                    }
                  ]
                }
              ]
            ]
          }
        },
        "CompatibleRuntimes": [
          "python3.6"
        ]
      }
    },
    "myhandlerServiceRole77891068": {
      "Type": "AWS::IAM::Role",
      "Properties": {
        "AssumeRolePolicyDocument": {
          "Statement": [
            {
              "Action": "sts:AssumeRole",
              "Effect": "Allow",
              "Principal": {
                "Service": "lambda.amazonaws.com"
              }
            }
          ],
          "Version": "2012-10-17"
        },
        "ManagedPolicyArns": [
          {
            "Fn::Join": [
              "",
              [
                "arn:",
                {
                  "Ref": "AWS::Partition"
                },
                ":iam::aws:policy/service-role/AWSLambdaBasicExecutionRole"
              ]
            ]
          }
        ]
      }
    },
    "myhandlerD202FA8E": {
      "Type": "AWS::Lambda::Function",
      "Properties": {
        "Code": {
          "S3Bucket": {
            "Ref": "AssetParameters5041519e2c029034de56b5b50ddf78077cde4683db1a6334393995a575fd9fcfS3BucketE4E9440E"
          },
          "S3Key": {
            "Fn::Join": [
              "",
              [
                {
                  "Fn::Select": [
                    0,
                    {
                      "Fn::Split": [
                        "||",
                        {
                          "Ref": "AssetParameters5041519e2c029034de56b5b50ddf78077cde4683db1a6334393995a575fd9fcfS3VersionKeyD0A1E1E7"
                        }
                      ]
                    }
                  ]
                },
                {
                  "Fn::Select": [
                    1,
                    {
                      "Fn::Split": [
                        "||",
                        {
                          "Ref": "AssetParameters5041519e2c029034de56b5b50ddf78077cde4683db1a6334393995a575fd9fcfS3VersionKeyD0A1E1E7"
                        }
                      ]
                    }
                  ]
                }
              ]
            ]
          }
        },
        "Role": {
          "Fn::GetAtt": [
            "myhandlerServiceRole77891068",
            "Arn"
          ]
        },
        "Handler": "index.handler",
        "Layers": [
          {
            "Ref": "SharedDACC02AA"
          }
        ],
        "Runtime": "python3.6"
      },
      "DependsOn": [
        "myhandlerServiceRole77891068"
      ]
    }
  },
  "Parameters": {
    "AssetParameters31f7770c281676a681559e0f1aa7c4d802c5364c952411662223897058919b01S3Bucket9B5E3761": {
      "Type": "String",
      "Description": "S3 bucket for asset \"31f7770c281676a681559e0f1aa7c4d802c5364c952411662223897058919b01\""
    },
    "AssetParameters31f7770c281676a681559e0f1aa7c4d802c5364c952411662223897058919b01S3VersionKeyD35557C8": {
      "Type": "String",
      "Description": "S3 key for asset version \"31f7770c281676a681559e0f1aa7c4d802c5364c952411662223897058919b01\""
    },
    "AssetParameters31f7770c281676a681559e0f1aa7c4d802c5364c952411662223897058919b01ArtifactHash0B89ED52": {
      "Type": "String",
      "Description": "Artifact hash for asset \"31f7770c281676a681559e0f1aa7c4d802c5364c952411662223897058919b01\""
    },
    "AssetParameters5041519e2c029034de56b5b50ddf78077cde4683db1a6334393995a575fd9fcfS3BucketE4E9440E": {
      "Type": "String",
      "Description": "S3 bucket for asset \"5041519e2c029034de56b5b50ddf78077cde4683db1a6334393995a575fd9fcf\""
    },
    "AssetParameters5041519e2c029034de56b5b50ddf78077cde4683db1a6334393995a575fd9fcfS3VersionKeyD0A1E1E7": {
      "Type": "String",
      "Description": "S3 key for asset version \"5041519e2c029034de56b5b50ddf78077cde4683db1a6334393995a575fd9fcf\""
    },
    "AssetParameters5041519e2c029034de56b5b50ddf78077cde4683db1a6334393995a575fd9fcfArtifactHash63579CD2": {
      "Type": "String",
      "Description": "Artifact hash for asset \"5041519e2c029034de56b5b50ddf78077cde4683db1a6334393995a575fd9fcf\""
    }
  },
  "Outputs": {
    "FunctionArn": {
      "Value": {
        "Fn::GetAtt": [
          "myhandlerD202FA8E",
          "Arn"
        ]
      }
    }
  }
}