{
  "Resources": {
    "functionServiceRoleEF216095": {
      "Type": "AWS::IAM::Role",
      "Properties": {
        "AssumeRolePolicyDocument": {
          "Statement": [
            {
              "Action": "sts:AssumeRole",
              "Effect": "Allow",
              "Principal": {
                "Service": "lambda.amazonaws.com"
              }
            }
          ],
          "Version": "2012-10-17"
        },
        "ManagedPolicyArns": [
          {
            "Fn::Join": [
              "",
              [
                "arn:",
                {
                  "Ref": "AWS::Partition"
                },
                ":iam::aws:policy/service-role/AWSLambdaBasicExecutionRole"
              ]
            ]
          }
        ]
      }
    },
    "functionF19B1A04": {
      "Type": "AWS::Lambda::Function",
      "Properties": {
        "Code": {
          "S3Bucket": {
            "Ref": "AssetParameters6e482192fac5bb664f70962866a2eb0cc5d6b1b03bedad24b752d6331d91d357S3Bucket98EDA054"
          },
          "S3Key": {
            "Fn::Join": [
              "",
              [
                {
                  "Fn::Select": [
                    0,
                    {
                      "Fn::Split": [
                        "||",
                        {
                          "Ref": "AssetParameters6e482192fac5bb664f70962866a2eb0cc5d6b1b03bedad24b752d6331d91d357S3VersionKeyCC18E0F2"
                        }
                      ]
                    }
                  ]
                },
                {
                  "Fn::Select": [
                    1,
                    {
                      "Fn::Split": [
                        "||",
                        {
                          "Ref": "AssetParameters6e482192fac5bb664f70962866a2eb0cc5d6b1b03bedad24b752d6331d91d357S3VersionKeyCC18E0F2"
                        }
                      ]
                    }
                  ]
                }
              ]
            ]
          }
        },
        "Role": {
          "Fn::GetAtt": [
            "functionServiceRoleEF216095",
            "Arn"
          ]
        },
        "Handler": "index.handler",
        "Runtime": "python2.7"
      },
      "DependsOn": [
        "functionServiceRoleEF216095"
      ]
    }
  },
  "Parameters": {
    "AssetParameters6e482192fac5bb664f70962866a2eb0cc5d6b1b03bedad24b752d6331d91d357S3Bucket98EDA054": {
      "Type": "String",
      "Description": "S3 bucket for asset \"6e482192fac5bb664f70962866a2eb0cc5d6b1b03bedad24b752d6331d91d357\""
    },
    "AssetParameters6e482192fac5bb664f70962866a2eb0cc5d6b1b03bedad24b752d6331d91d357S3VersionKeyCC18E0F2": {
      "Type": "String",
      "Description": "S3 key for asset version \"6e482192fac5bb664f70962866a2eb0cc5d6b1b03bedad24b752d6331d91d357\""
    },
    "AssetParameters6e482192fac5bb664f70962866a2eb0cc5d6b1b03bedad24b752d6331d91d357ArtifactHashE59A6159": {
      "Type": "String",
      "Description": "Artifact hash for asset \"6e482192fac5bb664f70962866a2eb0cc5d6b1b03bedad24b752d6331d91d357\""
    }
  },
  "Outputs": {
    "Function": {
      "Value": {
        "Ref": "functionF19B1A04"
      }
    }
  }
}