{
  "Resources": {
    "myhandlerinlineServiceRole10C681F6": {
      "Type": "AWS::IAM::Role",
      "Properties": {
        "AssumeRolePolicyDocument": {
          "Statement": [
            {
              "Action": "sts:AssumeRole",
              "Effect": "Allow",
              "Principal": {
                "Service": "lambda.amazonaws.com"
              }
            }
          ],
          "Version": "2012-10-17"
        },
        "ManagedPolicyArns": [
          {
            "Fn::Join": [
              "",
              [
                "arn:",
                {
                  "Ref": "AWS::Partition"
                },
                ":iam::aws:policy/service-role/AWSLambdaBasicExecutionRole"
              ]
            ]
          }
        ]
      }
    },
    "myhandlerinline53D120C7": {
      "Type": "AWS::Lambda::Function",
      "Properties": {
        "Code": {
          "S3Bucket": {
            "Ref": "AssetParametersf4df5266dae523ebbd6fa0deea3a95f54c2dbcc31d11ce17069645cfe6567839S3Bucket05066430"
          },
          "S3Key": {
            "Fn::Join": [
              "",
              [
                {
                  "Fn::Select": [
                    0,
                    {
                      "Fn::Split": [
                        "||",
                        {
                          "Ref": "AssetParametersf4df5266dae523ebbd6fa0deea3a95f54c2dbcc31d11ce17069645cfe6567839S3VersionKeyBF10EA07"
                        }
                      ]
                    }
                  ]
                },
                {
                  "Fn::Select": [
                    1,
                    {
                      "Fn::Split": [
                        "||",
                        {
                          "Ref": "AssetParametersf4df5266dae523ebbd6fa0deea3a95f54c2dbcc31d11ce17069645cfe6567839S3VersionKeyBF10EA07"
                        }
                      ]
                    }
                  ]
                }
              ]
            ]
          }
        },
        "Role": {
          "Fn::GetAtt": [
            "myhandlerinlineServiceRole10C681F6",
            "Arn"
          ]
        },
        "Handler": "index.handler",
        "Runtime": "python3.6"
      },
      "DependsOn": [
        "myhandlerinlineServiceRole10C681F6"
      ]
    },
    "myhandlerpython27ServiceRole2ED49C06": {
      "Type": "AWS::IAM::Role",
      "Properties": {
        "AssumeRolePolicyDocument": {
          "Statement": [
            {
              "Action": "sts:AssumeRole",
              "Effect": "Allow",
              "Principal": {
                "Service": "lambda.amazonaws.com"
              }
            }
          ],
          "Version": "2012-10-17"
        },
        "ManagedPolicyArns": [
          {
            "Fn::Join": [
              "",
              [
                "arn:",
                {
                  "Ref": "AWS::Partition"
                },
                ":iam::aws:policy/service-role/AWSLambdaBasicExecutionRole"
              ]
            ]
          }
        ]
      }
    },
    "myhandlerpython274D7465EA": {
      "Type": "AWS::Lambda::Function",
      "Properties": {
        "Code": {
          "S3Bucket": {
            "Ref": "AssetParametersac4ae122122bf81ca41f9e26630fa61c8960030830ab3c19e6077bd4a4562445S3BucketCF36DB69"
          },
          "S3Key": {
            "Fn::Join": [
              "",
              [
                {
                  "Fn::Select": [
                    0,
                    {
                      "Fn::Split": [
                        "||",
                        {
                          "Ref": "AssetParametersac4ae122122bf81ca41f9e26630fa61c8960030830ab3c19e6077bd4a4562445S3VersionKey8F2D71F7"
                        }
                      ]
                    }
                  ]
                },
                {
                  "Fn::Select": [
                    1,
                    {
                      "Fn::Split": [
                        "||",
                        {
                          "Ref": "AssetParametersac4ae122122bf81ca41f9e26630fa61c8960030830ab3c19e6077bd4a4562445S3VersionKey8F2D71F7"
                        }
                      ]
                    }
                  ]
                }
              ]
            ]
          }
        },
        "Role": {
          "Fn::GetAtt": [
            "myhandlerpython27ServiceRole2ED49C06",
            "Arn"
          ]
        },
        "Handler": "index.handler",
        "Runtime": "python2.7"
      },
      "DependsOn": [
        "myhandlerpython27ServiceRole2ED49C06"
      ]
    },
    "myhandlerpython38ServiceRole2049AFF7": {
      "Type": "AWS::IAM::Role",
      "Properties": {
        "AssumeRolePolicyDocument": {
          "Statement": [
            {
              "Action": "sts:AssumeRole",
              "Effect": "Allow",
              "Principal": {
                "Service": "lambda.amazonaws.com"
              }
            }
          ],
          "Version": "2012-10-17"
        },
        "ManagedPolicyArns": [
          {
            "Fn::Join": [
              "",
              [
                "arn:",
                {
                  "Ref": "AWS::Partition"
                },
                ":iam::aws:policy/service-role/AWSLambdaBasicExecutionRole"
              ]
            ]
          }
        ]
      }
    },
    "myhandlerpython384D62BBB5": {
      "Type": "AWS::Lambda::Function",
      "Properties": {
        "Code": {
          "S3Bucket": {
            "Ref": "AssetParametersac703d60c124712f7168f17305ba67ca638e777c2c8994eef51de4e23982757dS3BucketFD4211E9"
          },
          "S3Key": {
            "Fn::Join": [
              "",
              [
                {
                  "Fn::Select": [
                    0,
                    {
                      "Fn::Split": [
                        "||",
                        {
                          "Ref": "AssetParametersac703d60c124712f7168f17305ba67ca638e777c2c8994eef51de4e23982757dS3VersionKeyEAE9DEBF"
                        }
                      ]
                    }
                  ]
                },
                {
                  "Fn::Select": [
                    1,
                    {
                      "Fn::Split": [
                        "||",
                        {
                          "Ref": "AssetParametersac703d60c124712f7168f17305ba67ca638e777c2c8994eef51de4e23982757dS3VersionKeyEAE9DEBF"
                        }
                      ]
                    }
                  ]
                }
              ]
            ]
          }
        },
        "Role": {
          "Fn::GetAtt": [
            "myhandlerpython38ServiceRole2049AFF7",
            "Arn"
          ]
        },
        "Handler": "index.handler",
        "Runtime": "python3.8"
      },
      "DependsOn": [
        "myhandlerpython38ServiceRole2049AFF7"
      ]
    }
  },
  "Parameters": {
    "AssetParametersf4df5266dae523ebbd6fa0deea3a95f54c2dbcc31d11ce17069645cfe6567839S3Bucket05066430": {
      "Type": "String",
      "Description": "S3 bucket for asset \"f4df5266dae523ebbd6fa0deea3a95f54c2dbcc31d11ce17069645cfe6567839\""
    },
    "AssetParametersf4df5266dae523ebbd6fa0deea3a95f54c2dbcc31d11ce17069645cfe6567839S3VersionKeyBF10EA07": {
      "Type": "String",
      "Description": "S3 key for asset version \"f4df5266dae523ebbd6fa0deea3a95f54c2dbcc31d11ce17069645cfe6567839\""
    },
    "AssetParametersf4df5266dae523ebbd6fa0deea3a95f54c2dbcc31d11ce17069645cfe6567839ArtifactHash3685B5C1": {
      "Type": "String",
      "Description": "Artifact hash for asset \"f4df5266dae523ebbd6fa0deea3a95f54c2dbcc31d11ce17069645cfe6567839\""
    },
    "AssetParametersac4ae122122bf81ca41f9e26630fa61c8960030830ab3c19e6077bd4a4562445S3BucketCF36DB69": {
      "Type": "String",
      "Description": "S3 bucket for asset \"ac4ae122122bf81ca41f9e26630fa61c8960030830ab3c19e6077bd4a4562445\""
    },
    "AssetParametersac4ae122122bf81ca41f9e26630fa61c8960030830ab3c19e6077bd4a4562445S3VersionKey8F2D71F7": {
      "Type": "String",
      "Description": "S3 key for asset version \"ac4ae122122bf81ca41f9e26630fa61c8960030830ab3c19e6077bd4a4562445\""
    },
    "AssetParametersac4ae122122bf81ca41f9e26630fa61c8960030830ab3c19e6077bd4a4562445ArtifactHash9D22584C": {
      "Type": "String",
      "Description": "Artifact hash for asset \"ac4ae122122bf81ca41f9e26630fa61c8960030830ab3c19e6077bd4a4562445\""
    },
    "AssetParametersac703d60c124712f7168f17305ba67ca638e777c2c8994eef51de4e23982757dS3BucketFD4211E9": {
      "Type": "String",
      "Description": "S3 bucket for asset \"ac703d60c124712f7168f17305ba67ca638e777c2c8994eef51de4e23982757d\""
    },
    "AssetParametersac703d60c124712f7168f17305ba67ca638e777c2c8994eef51de4e23982757dS3VersionKeyEAE9DEBF": {
      "Type": "String",
      "Description": "S3 key for asset version \"ac703d60c124712f7168f17305ba67ca638e777c2c8994eef51de4e23982757d\""
    },
    "AssetParametersac703d60c124712f7168f17305ba67ca638e777c2c8994eef51de4e23982757dArtifactHash9C9EF625": {
      "Type": "String",
      "Description": "Artifact hash for asset \"ac703d60c124712f7168f17305ba67ca638e777c2c8994eef51de4e23982757d\""
    }
  },
  "Outputs": {
    "InlineFunctionName": {
      "Value": {
        "Ref": "myhandlerinline53D120C7"
      }
    },
    "Python27FunctionName": {
      "Value": {
        "Ref": "myhandlerpython274D7465EA"
      }
    },
    "Python38FunctionName": {
      "Value": {
        "Ref": "myhandlerpython384D62BBB5"
      }
    }
  }
}